node.exe : 
At C:\Users\acer\AppDa
ta\Roaming\npm\npx.ps1
:24 char:5
+     & "node$exe"  "$
basedir/node_modules/n
pm/bin/npx-cli.js" 
$args
+     ~~~~~~~~~~~~~~~~
~~~~~~~~~~~~~~~~~~~~~~
~~~~~~~~~~~~~~~~~~~~~~
~~
    + CategoryInfo    
          : NotSpeci  
  fied: (:String) [   
 ], RemoteExceptio    
n
    + FullyQualifiedE 
   rrorId : NativeCo  
  mmandError
 
Warning: src/app/colle
ction-list/collection-
list.component.html:54
:49 - warning NG8107: 
The left side of this 
optional chain 
operation does not 
include 'null' or 
'undefined' in its 
type, therefore the 
'?.' operator can be 
replaced with the '.' 
operator.

54                    
     {{ collection.jou
rnals?.length || 0 }} 
journals
                      
                      
       ~~~~~~

  src/app/collection-l
ist/collection-list.co
mponent.ts:11:16
    11   templateUrl: 
'./collection-list.com
ponent.html',
                      
~~~~~~~~~~~~~~~~~~~~~~
~~~~~~~~~~~~
    Error occurs in 
the template of 
component CollectionLi
stComponent.


Warning: C:/Users/acer
/Desktop/SoulSnap/src/
app/about/about.compon
ent.scss exceeded 
maximum budget. 
Budget 2.00 kB was 
not met by 2.20 kB 
with a total of 4.20 
kB.

Warning: C:/Users/acer
/Desktop/SoulSnap/src/
app/collection-form/co
llection-form.componen
t.scss exceeded 
maximum budget. 
Budget 2.00 kB was 
not met by 342 bytes 
with a total of 2.33 
kB.

Warning: C:/Users/acer
/Desktop/SoulSnap/src/
app/collection-list/co
llection-list.componen
t.scss exceeded 
maximum budget. 
Budget 2.00 kB was 
not met by 1.88 kB 
with a total of 3.88 
kB.

Warning: C:/Users/acer
/Desktop/SoulSnap/src/
app/journal-form/journ
al-form.component.scss
 exceeded maximum 
budget. Budget 2.00 
kB was not met by 821 
bytes with a total of 
2.80 kB.

Warning: C:/Users/acer
/Desktop/SoulSnap/src/
app/journal-list/journ
al-list.component.scss
 exceeded maximum 
budget. Budget 2.00 
kB was not met by 
1.53 kB with a total 
of 3.53 kB.

Warning: C:/Users/acer
/Desktop/SoulSnap/src/
app/layout/layout.comp
onent.scss exceeded 
maximum budget. 
Budget 2.00 kB was 
not met by 303 bytes 
with a total of 2.30 
kB.

Warning: C:/Users/acer
/Desktop/SoulSnap/src/
app/login/login.compon
ent.scss exceeded 
maximum budget. 
Budget 2.00 kB was 
not met by 1.93 kB 
with a total of 3.93 
kB.

Warning: C:/Users/acer
/Desktop/SoulSnap/src/
app/register/register.
component.scss 
exceeded maximum 
budget. Budget 2.00 
kB was not met by 
1.96 kB with a total 
of 3.96 kB.



Error: C:/Users/acer/D
esktop/SoulSnap/src/ap
p/about/about.componen
t.scss exceeded 
maximum budget. 
Budget 4.00 kB was 
not met by 204 bytes 
with a total of 4.20 
kB.


